[INFO] Scanning for projects...
[INFO] 
[INFO] ---------------< EntornosProgramacion:SistemaInventario >---------------
[INFO] Building SistemaInventario 0.0.1-SNAPSHOT
[INFO]   from pom.xml
[INFO] --------------------------------[ jar ]---------------------------------
[INFO] 
[INFO] >>> spring-boot:3.5.11:run (default-cli) > test-compile @ SistemaInventario >>>
[INFO] 
[INFO] --- resources:3.3.1:resources (default-resources) @ SistemaInventario ---
[INFO] Copying 1 resource from src\main\resources to target\classes
[INFO] Copying 0 resource from src\main\resources to target\classes
[INFO] 
[INFO] --- compiler:3.14.1:compile (default-compile) @ SistemaInventario ---
[INFO] Recompiling the module because of added or removed source files.
[INFO] Compiling 48 source files with javac [debug parameters release 17] to target\classes
WARNING: A terminally deprecated method in sun.misc.Unsafe has been called
WARNING: sun.misc.Unsafe::objectFieldOffset has been called by lombok.permit.Permit
WARNING: Please consider reporting this to the maintainers of class lombok.permit.Permit
WARNING: sun.misc.Unsafe::objectFieldOffset will be removed in a future release
[INFO] /C:/Users/MichaelAponte/Documents/Visual/Sistema-de-Inventario-/SistemaInventario/src/main/java/EntornosProgramacion/SistemaInventario/config/SecurityConfig.java: C:\Users\MichaelAponte\Documents\Visual\Sistema-de-Inventario-\SistemaInventario\src\main\java\EntornosProgramacion\SistemaInventario\config\SecurityConfig.java uses or overrides a deprecated API.
[INFO] /C:/Users/MichaelAponte/Documents/Visual/Sistema-de-Inventario-/SistemaInventario/src/main/java/EntornosProgramacion/SistemaInventario/config/SecurityConfig.java: Recompile with -Xlint:deprecation for details.
[INFO] 
[INFO] --- resources:3.3.1:testResources (default-testResources) @ SistemaInventario ---
[INFO] Copying 1 resource from src\test\resources to target\test-classes
[INFO] 
[INFO] --- compiler:3.14.1:testCompile (default-testCompile) @ SistemaInventario ---
[INFO] Recompiling the module because of changed dependency.
[INFO] Compiling 1 source file with javac [debug parameters release 17] to target\test-classes
[INFO] 
[INFO] <<< spring-boot:3.5.11:run (default-cli) < test-compile @ SistemaInventario <<<
[INFO] 
[INFO] 
[INFO] --- spring-boot:3.5.11:run (default-cli) @ SistemaInventario ---
[INFO] Attaching agents: []

  .   ____          _            __ _ _
 /\\ / ___'_ __ _ _(_)_ __  __ _ \ \ \ \
( ( )\___ | '_ | '_| | '_ \/ _` | \ \ \ \
 \\/  ___)| |_)| | | | | || (_| |  ) ) ) )
  '  |____| .__|_| |_|_| |_\__, | / / / /
 =========|_|==============|___/=/_/_/_/

 :: Spring Boot ::               (v3.5.11)

2026-03-25T15:56:22.816-05:00  INFO 27052 --- [SistemaInventario] [           main] E.S.SistemaInventarioApplication         : Starting SistemaInventarioApplication using Java 25.0.1 with PID 27052 (C:\Users\MichaelAponte\Documents\Visual\Sistema-de-Inventario-\SistemaInventario\target\classes started by MichaelAponte in C:\Users\MichaelAponte\Documents\Visual\Sistema-de-Inventario-\SistemaInventario)
2026-03-25T15:56:22.818-05:00  INFO 27052 --- [SistemaInventario] [           main] E.S.SistemaInventarioApplication         : No active profile set, falling back to 1 default profile: "default"
2026-03-25T15:56:23.455-05:00  INFO 27052 --- [SistemaInventario] [           main] .s.d.r.c.RepositoryConfigurationDelegate : Bootstrapping Spring Data JPA repositories in DEFAULT mode.
2026-03-25T15:56:23.509-05:00  INFO 27052 --- [SistemaInventario] [           main] .s.d.r.c.RepositoryConfigurationDelegate : Finished Spring Data repository scanning in 46 ms. Found 5 JPA repository interfaces.
2026-03-25T15:56:23.935-05:00  INFO 27052 --- [SistemaInventario] [           main] o.s.b.w.embedded.tomcat.TomcatWebServer  : Tomcat initialized with port 8080 (http)
2026-03-25T15:56:23.945-05:00  INFO 27052 --- [SistemaInventario] [           main] o.apache.catalina.core.StandardService   : Starting service [Tomcat]
2026-03-25T15:56:23.945-05:00  INFO 27052 --- [SistemaInventario] [           main] o.apache.catalina.core.StandardEngine    : Starting Servlet engine: [Apache Tomcat/10.1.52]
2026-03-25T15:56:23.992-05:00  INFO 27052 --- [SistemaInventario] [           main] o.a.c.c.C.[Tomcat].[localhost].[/]       : Initializing Spring embedded WebApplicationContext
2026-03-25T15:56:23.992-05:00  INFO 27052 --- [SistemaInventario] [           main] w.s.c.ServletWebServerApplicationContext : Root WebApplicationContext: initialization completed in 1138 ms
2026-03-25T15:56:24.093-05:00  INFO 27052 --- [SistemaInventario] [           main] o.hibernate.jpa.internal.util.LogHelper  : HHH000204: Processing PersistenceUnitInfo [name: default]
2026-03-25T15:56:24.131-05:00  INFO 27052 --- [SistemaInventario] [           main] org.hibernate.Version                    : HHH000412: Hibernate ORM core version 6.6.42.Final
2026-03-25T15:56:24.155-05:00  INFO 27052 --- [SistemaInventario] [           main] o.h.c.internal.RegionFactoryInitiator    : HHH000026: Second-level cache disabled
2026-03-25T15:56:24.381-05:00  INFO 27052 --- [SistemaInventario] [           main] o.s.o.j.p.SpringPersistenceUnitInfo      : No LoadTimeWeaver setup: ignoring JPA class transformer
2026-03-25T15:56:24.405-05:00  INFO 27052 --- [SistemaInventario] [           main] com.zaxxer.hikari.HikariDataSource       : HikariPool-1 - Starting...
2026-03-25T15:56:24.545-05:00  INFO 27052 --- [SistemaInventario] [           main] com.zaxxer.hikari.pool.HikariPool        : HikariPool-1 - Added connection org.postgresql.jdbc.PgConnection@1f7336b2
2026-03-25T15:56:24.546-05:00  INFO 27052 --- [SistemaInventario] [           main] com.zaxxer.hikari.HikariDataSource       : HikariPool-1 - Start completed.
2026-03-25T15:56:24.571-05:00  WARN 27052 --- [SistemaInventario] [           main] org.hibernate.orm.deprecation            : HHH90000025: PostgreSQLDialect does not need to be specified explicitly using 'hibernate.dialect' (remove the property setting and it will be selected by default)
2026-03-25T15:56:24.586-05:00  INFO 27052 --- [SistemaInventario] [           main] org.hibernate.orm.connections.pooling    : HHH10001005: Database info:
	Database JDBC URL [Connecting through datasource 'HikariDataSource (HikariPool-1)']
	Database driver: undefined/unknown
	Database version: 18.3
	Autocommit mode: undefined/unknown
	Isolation level: undefined/unknown
	Minimum pool size: undefined/unknown
	Maximum pool size: undefined/unknown
2026-03-25T15:56:25.361-05:00  INFO 27052 --- [SistemaInventario] [           main] o.h.e.t.j.p.i.JtaPlatformInitiator       : HHH000489: No JTA platform available (set 'hibernate.transaction.jta.platform' to enable JTA platform integration)
2026-03-25T15:56:25.450-05:00  INFO 27052 --- [SistemaInventario] [           main] j.LocalContainerEntityManagerFactoryBean : Initialized JPA EntityManagerFactory for persistence unit 'default'
2026-03-25T15:56:25.619-05:00  INFO 27052 --- [SistemaInventario] [           main] o.s.d.j.r.query.QueryEnhancerFactory     : Hibernate is in classpath; If applicable, HQL parser will be used.
2026-03-25T15:56:26.018-05:00  INFO 27052 --- [SistemaInventario] [           main] eAuthenticationProviderManagerConfigurer : Global AuthenticationManager configured with AuthenticationProvider bean with name authenticationProvider
2026-03-25T15:56:26.018-05:00  WARN 27052 --- [SistemaInventario] [           main] r$InitializeUserDetailsManagerConfigurer : Global AuthenticationManager configured with an AuthenticationProvider bean. UserDetailsService beans will not be used by Spring Security for automatically configuring username/password login. Consider removing the AuthenticationProvider bean. Alternatively, consider using the UserDetailsService in a manually instantiated DaoAuthenticationProvider. If the current configuration is intentional, to turn off this warning, increase the logging level of 'org.springframework.security.config.annotation.authentication.configuration.InitializeUserDetailsBeanManagerConfigurer' to ERROR
2026-03-25T15:56:26.179-05:00  WARN 27052 --- [SistemaInventario] [           main] JpaBaseConfiguration$JpaWebConfiguration : spring.jpa.open-in-view is enabled by default. Therefore, database queries may be performed during view rendering. Explicitly configure spring.jpa.open-in-view to disable this warning
2026-03-25T15:56:26.709-05:00  INFO 27052 --- [SistemaInventario] [           main] o.s.b.w.embedded.tomcat.TomcatWebServer  : Tomcat started on port 8080 (http) with context path '/'
2026-03-25T15:56:26.716-05:00  INFO 27052 --- [SistemaInventario] [           main] E.S.SistemaInventarioApplication         : Started SistemaInventarioApplication in 4.236 seconds (process running for 4.508)
>>> DataInitializer START
>>> seedAdmin=true, email=admin@inventario.com, passLen=11
Hibernate: 
    select
        r1_0.id,
        r1_0.nombre 
    from
        rol r1_0 
    where
        r1_0.nombre=?
>>> ADMIN role OK: id=1
Hibernate: 
    select
        r1_0.id,
        r1_0.nombre 
    from
        rol r1_0 
    where
        r1_0.nombre=?
>>> EMPLEADO role OK
>>> Looking for user: admin@inventario.com
Hibernate: 
    select
        u1_0.id,
        u1_0.activo,
        u1_0.email,
        u1_0.fecha_creacion,
        u1_0.nombre,
        u1_0.password,
        u1_0.rol_id,
        r1_0.id,
        r1_0.nombre 
    from
        usuario u1_0 
    join
        rol r1_0 
            on r1_0.id=u1_0.rol_id 
    where
        u1_0.email=?
>>> User found: true
>>> Admin user OK, no update needed
2026-03-25T15:56:26.915-05:00  WARN 27052 --- [SistemaInventario] [           main] o.s.core.events.SpringDocAppInitializer  : SpringDoc /v3/api-docs endpoint is enabled by default. To disable it in production, set the property 'springdoc.api-docs.enabled=false'
2026-03-25T15:56:26.916-05:00  WARN 27052 --- [SistemaInventario] [           main] o.s.core.events.SpringDocAppInitializer  : SpringDoc /swagger-ui.html endpoint is enabled by default. To disable it in production, set the property 'springdoc.swagger-ui.enabled=false'
^CTerminate batch job (Y/N)? 